<?xml version="1.0" encoding="UTF-8"?>
<testsuites name="jest tests" tests="72" failures="0" errors="0" time="54.621">
  <testsuite name="Test &apos;greeter&apos; service" errors="0" failures="0" skipped="0" timestamp="2023-01-30T22:48:00" time="13.375" tests="3">
    <testcase classname="Test &apos;greeter&apos; service Test &apos;v1.greeter.hello&apos; action should return with &apos;Hello Moleculer&apos;" name="Test &apos;greeter&apos; service Test &apos;v1.greeter.hello&apos; action should return with &apos;Hello Moleculer&apos;" time="0.008">
    </testcase>
    <testcase classname="Test &apos;greeter&apos; service Test &apos;v1.greeter.welcome&apos; action should return with &apos;Welcome&apos;" name="Test &apos;greeter&apos; service Test &apos;v1.greeter.welcome&apos; action should return with &apos;Welcome&apos;" time="0.006">
    </testcase>
    <testcase classname="Test &apos;greeter&apos; service Test &apos;v1.greeter.welcome&apos; action should reject an ValidationError" name="Test &apos;greeter&apos; service Test &apos;v1.greeter.welcome&apos; action should reject an ValidationError" time="0.008">
    </testcase>
  </testsuite>
  <testsuite name="Unit tests for Api service" errors="0" failures="0" skipped="0" timestamp="2023-01-30T22:48:00" time="22.707" tests="10">
    <testcase classname="Unit tests for Api service authenticate without headers" name="Unit tests for Api service authenticate without headers" time="0.013">
    </testcase>
    <testcase classname="Unit tests for Api service authenticate with headers with wrong token" name="Unit tests for Api service authenticate with headers with wrong token" time="0.006">
    </testcase>
    <testcase classname="Unit tests for Api service authenticate with headers with bearer token" name="Unit tests for Api service authenticate with headers with bearer token" time="0.014">
    </testcase>
    <testcase classname="Unit tests for Api service authenticate with headers with wrong bearer token" name="Unit tests for Api service authenticate with headers with wrong bearer token" time="0.006">
    </testcase>
    <testcase classname="Unit tests for Api service authenticate with headers with malformed bearer token" name="Unit tests for Api service authenticate with headers with malformed bearer token" time="0.006">
    </testcase>
    <testcase classname="Unit tests for Api service authorize without auth" name="Unit tests for Api service authorize without auth" time="0.006">
    </testcase>
    <testcase classname="Unit tests for Api service authorize with auth false" name="Unit tests for Api service authorize with auth false" time="0.003">
    </testcase>
    <testcase classname="Unit tests for Api service authorize with auth and without user" name="Unit tests for Api service authorize with auth and without user" time="0.004">
    </testcase>
    <testcase classname="Unit tests for Api service authorize with auth and with user" name="Unit tests for Api service authorize with auth and with user" time="0.009">
    </testcase>
    <testcase classname="Unit tests for Api service authorize with auth and with user and wrong response" name="Unit tests for Api service authorize with auth and with user and wrong response" time="0.006">
    </testcase>
  </testsuite>
  <testsuite name="Test &apos;products&apos; service" errors="0" failures="0" skipped="0" timestamp="2023-01-30T22:48:00" time="22.909" tests="3">
    <testcase classname="Test &apos;products&apos; service Test actions Test &apos;v1.increaseQuantity&apos; should call the adapter updateById method &amp; transform result" name="Test &apos;products&apos; service Test actions Test &apos;v1.increaseQuantity&apos; should call the adapter updateById method &amp; transform result" time="0.038">
    </testcase>
    <testcase classname="Test &apos;products&apos; service Test actions Test &apos;v1.products.decreaseQuantity&apos; should call the adapter updateById method &amp; transform result" name="Test &apos;products&apos; service Test actions Test &apos;v1.products.decreaseQuantity&apos; should call the adapter updateById method &amp; transform result" time="0.02">
    </testcase>
    <testcase classname="Test &apos;products&apos; service Test actions Test &apos;v1.products.decreaseQuantity&apos; should throw error if params is not valid" name="Test &apos;products&apos; service Test actions Test &apos;v1.products.decreaseQuantity&apos; should throw error if params is not valid" time="0.011">
    </testcase>
  </testsuite>
  <testsuite name="Test &apos;products&apos; service" errors="0" failures="0" skipped="0" timestamp="2023-01-30T22:48:00" time="23.022" tests="8">
    <testcase classname="Test &apos;products&apos; service Test actions should contains the seeded items" name="Test &apos;products&apos; service Test actions should contains the seeded items" time="0.026">
    </testcase>
    <testcase classname="Test &apos;products&apos; service Test actions should add the new item" name="Test &apos;products&apos; service Test actions should add the new item" time="0.046">
    </testcase>
    <testcase classname="Test &apos;products&apos; service Test actions should get the saved item" name="Test &apos;products&apos; service Test actions should get the saved item" time="0.015">
    </testcase>
    <testcase classname="Test &apos;products&apos; service Test actions should update an item" name="Test &apos;products&apos; service Test actions should update an item" time="0.013">
    </testcase>
    <testcase classname="Test &apos;products&apos; service Test actions should get the updated item" name="Test &apos;products&apos; service Test actions should get the updated item" time="0.007">
    </testcase>
    <testcase classname="Test &apos;products&apos; service Test actions should increase the quantity" name="Test &apos;products&apos; service Test actions should increase the quantity" time="0.006">
    </testcase>
    <testcase classname="Test &apos;products&apos; service Test actions should decrease the quantity" name="Test &apos;products&apos; service Test actions should decrease the quantity" time="0.009">
    </testcase>
    <testcase classname="Test &apos;products&apos; service Test actions should remove the updated item" name="Test &apos;products&apos; service Test actions should remove the updated item" time="0.01">
    </testcase>
  </testsuite>
  <testsuite name="Integration tests for Users service" errors="0" failures="0" skipped="23" timestamp="2023-01-30T22:48:00" time="25.183" tests="23">
    <testcase classname="Integration tests for Users service login wrong login" name="Integration tests for Users service login wrong login" time="0">
      <skipped/>
    </testcase>
    <testcase classname="Integration tests for Users service login wrong password" name="Integration tests for Users service login wrong password" time="0">
      <skipped/>
    </testcase>
    <testcase classname="Integration tests for Users service login disabled user" name="Integration tests for Users service login disabled user" time="0">
      <skipped/>
    </testcase>
    <testcase classname="Integration tests for Users service login good login" name="Integration tests for Users service login good login" time="0">
      <skipped/>
    </testcase>
    <testcase classname="Integration tests for Users service Get User wrong token" name="Integration tests for Users service Get User wrong token" time="0">
      <skipped/>
    </testcase>
    <testcase classname="Integration tests for Users service Get User info" name="Integration tests for Users service Get User info" time="0">
      <skipped/>
    </testcase>
    <testcase classname="Integration tests for Users service Get All Users wrong token" name="Integration tests for Users service Get All Users wrong token" time="0">
      <skipped/>
    </testcase>
    <testcase classname="Integration tests for Users service Get All Users list" name="Integration tests for Users service Get All Users list" time="0">
      <skipped/>
    </testcase>
    <testcase classname="Integration tests for Users service Get All Users list with admin" name="Integration tests for Users service Get All Users list with admin" time="0">
      <skipped/>
    </testcase>
    <testcase classname="Integration tests for Users service Get User by id wrong token" name="Integration tests for Users service Get User by id wrong token" time="0">
      <skipped/>
    </testcase>
    <testcase classname="Integration tests for Users service Get User by id info" name="Integration tests for Users service Get User by id info" time="0">
      <skipped/>
    </testcase>
    <testcase classname="Integration tests for Users service Get User by id info with admin" name="Integration tests for Users service Get User by id info with admin" time="0">
      <skipped/>
    </testcase>
    <testcase classname="Integration tests for Users service Create Users wrong token" name="Integration tests for Users service Create Users wrong token" time="0">
      <skipped/>
    </testcase>
    <testcase classname="Integration tests for Users service Create Users create with admin" name="Integration tests for Users service Create Users create with admin" time="0">
      <skipped/>
    </testcase>
    <testcase classname="Integration tests for Users service Create Users create + login" name="Integration tests for Users service Create Users create + login" time="0">
      <skipped/>
    </testcase>
    <testcase classname="Integration tests for Users service Update user by id wrong token" name="Integration tests for Users service Update user by id wrong token" time="0">
      <skipped/>
    </testcase>
    <testcase classname="Integration tests for Users service Update user by id info with admin" name="Integration tests for Users service Update user by id info with admin" time="0">
      <skipped/>
    </testcase>
    <testcase classname="Integration tests for Users service Update user by id update + login" name="Integration tests for Users service Update user by id update + login" time="0">
      <skipped/>
    </testcase>
    <testcase classname="Integration tests for Users service Update user by id update password + login" name="Integration tests for Users service Update user by id update password + login" time="0">
      <skipped/>
    </testcase>
    <testcase classname="Integration tests for Users service Delete User by id wrong token" name="Integration tests for Users service Delete User by id wrong token" time="0">
      <skipped/>
    </testcase>
    <testcase classname="Integration tests for Users service Delete User by id delete" name="Integration tests for Users service Delete User by id delete" time="0">
      <skipped/>
    </testcase>
    <testcase classname="Integration tests for Users service Delete User by id delete with admin" name="Integration tests for Users service Delete User by id delete with admin" time="0">
      <skipped/>
    </testcase>
    <testcase classname="Integration tests for Users service Delete User by id delete itself" name="Integration tests for Users service Delete User by id delete itself" time="0">
      <skipped/>
    </testcase>
  </testsuite>
  <testsuite name="Unit tests for User service" errors="0" failures="0" skipped="0" timestamp="2023-01-30T22:48:00" time="52.64" tests="25">
    <testcase classname="Unit tests for User service actions resolve token" name="Unit tests for User service actions resolve token" time="1.276">
    </testcase>
    <testcase classname="Unit tests for User service actions resolve wrong token" name="Unit tests for User service actions resolve wrong token" time="1.151">
    </testcase>
    <testcase classname="Unit tests for User service actions resolve not found user" name="Unit tests for User service actions resolve not found user" time="1.126">
    </testcase>
    <testcase classname="Unit tests for User service validate role validate no role" name="Unit tests for User service validate role validate no role" time="1.14">
    </testcase>
    <testcase classname="Unit tests for User service validate role validate empty role" name="Unit tests for User service validate role validate empty role" time="1.151">
    </testcase>
    <testcase classname="Unit tests for User service validate role validate valid role" name="Unit tests for User service validate role validate valid role" time="1.135">
    </testcase>
    <testcase classname="Unit tests for User service validate role validate wrong role" name="Unit tests for User service validate role validate wrong role" time="1.136">
    </testcase>
    <testcase classname="Unit tests for User service create user create user with wrong data" name="Unit tests for User service create user create user with wrong data" time="1.132">
    </testcase>
    <testcase classname="Unit tests for User service create user create user" name="Unit tests for User service create user create user" time="1.255">
    </testcase>
    <testcase classname="Unit tests for User service create user create existing user login" name="Unit tests for User service create user create existing user login" time="1.121">
    </testcase>
    <testcase classname="Unit tests for User service create user create existing user email" name="Unit tests for User service create user create existing user email" time="1.118">
    </testcase>
    <testcase classname="Unit tests for User service login user login wrong user" name="Unit tests for User service login user login wrong user" time="1.11">
    </testcase>
    <testcase classname="Unit tests for User service login user login wrong password" name="Unit tests for User service login user login wrong password" time="1.239">
    </testcase>
    <testcase classname="Unit tests for User service login user login disabled" name="Unit tests for User service login user login disabled" time="1.141">
    </testcase>
    <testcase classname="Unit tests for User service login user login good" name="Unit tests for User service login user login good" time="1.24">
    </testcase>
    <testcase classname="Unit tests for User service get me not found" name="Unit tests for User service get me not found" time="1.116">
    </testcase>
    <testcase classname="Unit tests for User service get me user info" name="Unit tests for User service get me user info" time="1.106">
    </testcase>
    <testcase classname="Unit tests for User service get user not found" name="Unit tests for User service get user not found" time="1.118">
    </testcase>
    <testcase classname="Unit tests for User service get user user info" name="Unit tests for User service get user user info" time="1.12">
    </testcase>
    <testcase classname="Unit tests for User service update user not found" name="Unit tests for User service update user not found" time="1.136">
    </testcase>
    <testcase classname="Unit tests for User service update user update" name="Unit tests for User service update user update" time="1.129">
    </testcase>
    <testcase classname="Unit tests for User service delete user not found" name="Unit tests for User service delete user not found" time="1.118">
    </testcase>
    <testcase classname="Unit tests for User service delete user delete" name="Unit tests for User service delete user delete" time="1.142">
    </testcase>
    <testcase classname="Unit tests for User service delete user delete itself" name="Unit tests for User service delete user delete itself" time="1.129">
    </testcase>
    <testcase classname="Unit tests for User service list users get all users" name="Unit tests for User service list users get all users" time="1.125">
    </testcase>
  </testsuite>
</testsuites>